// Vitest Snapshot v1, https://vitest.dev/guide/snapshot.html

exports[`Helm > buildUpdates > builds common files 1`] = `
[
  {
    "createIfMissing": true,
    "path": "CHANGELOG.md",
    "updater": Changelog {
      "changelogEntry": "## 0.0.1 (2026-05-19)

### Bug Fixes

* **deps:** update dependency com.google.cloud:google-cloud-storage to v1.120.0 ([845db13](https://github.com/googleapis/helm-test-repo/commit/845db1381b3d5d20151cad2588f85feb))",
      "version": Version {
        "build": undefined,
        "major": 0,
        "minor": 0,
        "patch": 1,
        "preRelease": undefined,
      },
      "versionHeaderRegex": /\\\\n###\\? v\\?\\[0-9\\[\\]/s,
      "versionsMap": undefined,
    },
  },
  {
    "createIfMissing": false,
    "path": "Chart.yaml",
    "updater": ChartYaml {
      "version": Version {
        "build": undefined,
        "major": 0,
        "minor": 0,
        "patch": 1,
        "preRelease": undefined,
      },
      "versionsMap": undefined,
    },
  },
]
`;
